[0.313s] DEBUG:colcon:Command line arguments: ['/usr/bin/colcon', 'build', '--symlink-install']
[0.313s] DEBUG:colcon:Parsed command line arguments: Namespace(ament_cmake_args=None, base_paths=['.'], build_base='build', catkin_cmake_args=None, catkin_skip_building_tests=False, cmake_args=None, cmake_clean_cache=False, cmake_clean_first=False, cmake_force_configure=False, cmake_target=None, cmake_target_skip_unavailable=False, continue_on_error=False, event_handlers=None, executor='parallel', ignore_user_meta=False, install_base='install', log_base=None, log_level=None, main=<bound method BuildVerb.main of <colcon_core.verb.build.BuildVerb object at 0x7fff9c49e820>>, merge_install=False, metas=['./colcon.meta'], mixin=None, mixin_files=None, mixin_verb=('build',), packages_above=None, packages_above_and_dependencies=None, packages_above_depth=None, packages_end=None, packages_ignore=None, packages_ignore_regex=None, packages_select=None, packages_select_build_failed=False, packages_select_by_dep=None, packages_select_regex=None, packages_select_test_failures=False, packages_skip=None, packages_skip_build_finished=False, packages_skip_by_dep=None, packages_skip_regex=None, packages_skip_test_passed=False, packages_skip_up_to=None, packages_start=None, packages_up_to=None, packages_up_to_regex=None, parallel_workers=4, paths=None, symlink_install=True, test_result_base=None, verb_extension=<colcon_core.verb.build.BuildVerb object at 0x7fff9c49e820>, verb_name='build', verb_parser=<colcon_mixin.mixin.mixin_argument.MixinArgumentDecorator object at 0x7fff9c49edf0>)
[0.342s] Level 1:colcon.colcon_core.package_discovery:discover_packages(colcon_meta) check parameters
[0.343s] INFO:colcon.colcon_metadata.package_discovery.colcon_meta:Using configuration from '/root/.colcon/metadata/default/Gazebo.meta'
[0.344s] INFO:colcon.colcon_metadata.package_discovery.colcon_meta:Using configuration from '/root/.colcon/metadata/default/fastdds.meta'
[0.344s] INFO:colcon.colcon_metadata.package_discovery.colcon_meta:Using configuration from '/root/.colcon/metadata/default/fastrtps.meta'
[0.344s] Level 1:colcon.colcon_core.package_discovery:discover_packages(recursive) check parameters
[0.344s] Level 1:colcon.colcon_core.package_discovery:discover_packages(ignore) check parameters
[0.344s] Level 1:colcon.colcon_core.package_discovery:discover_packages(path) check parameters
[0.345s] Level 1:colcon.colcon_core.package_discovery:discover_packages(colcon_meta) discover
[0.345s] Level 1:colcon.colcon_core.package_discovery:discover_packages(recursive) discover
[0.345s] INFO:colcon.colcon_core.package_discovery:Crawling recursively for packages in '/root/ros2_ws/robot_motor_control'
[0.345s] Level 1:colcon.colcon_core.package_identification:_identify(.) by extensions ['ignore', 'ignore_ament_install']
[0.345s] Level 1:colcon.colcon_core.package_identification:_identify(.) by extension 'ignore'
[0.345s] Level 1:colcon.colcon_core.package_identification:_identify(.) by extension 'ignore_ament_install'
[0.345s] Level 1:colcon.colcon_core.package_identification:_identify(.) by extensions ['colcon_pkg']
[0.345s] Level 1:colcon.colcon_core.package_identification:_identify(.) by extension 'colcon_pkg'
[0.345s] Level 1:colcon.colcon_core.package_identification:_identify(.) by extensions ['colcon_meta']
[0.345s] Level 1:colcon.colcon_core.package_identification:_identify(.) by extension 'colcon_meta'
[0.345s] Level 1:colcon.colcon_core.package_identification:_identify(.) by extensions ['ros']
[0.345s] Level 1:colcon.colcon_core.package_identification:_identify(.) by extension 'ros'
[0.376s] Level 1:colcon.colcon_core.package_identification:_identify(.) by extensions ['cmake', 'python']
[0.376s] Level 1:colcon.colcon_core.package_identification:_identify(.) by extension 'cmake'
[0.376s] Level 1:colcon.colcon_core.package_identification:_identify(.) by extension 'python'
[0.376s] Level 1:colcon.colcon_core.package_identification:_identify(.) by extensions ['python_setup_py']
[0.376s] Level 1:colcon.colcon_core.package_identification:_identify(.) by extension 'python_setup_py'
[0.376s] Level 1:colcon.colcon_core.package_identification:_identify(arduino_a_front) by extensions ['ignore', 'ignore_ament_install']
[0.376s] Level 1:colcon.colcon_core.package_identification:_identify(arduino_a_front) by extension 'ignore'
[0.377s] Level 1:colcon.colcon_core.package_identification:_identify(arduino_a_front) by extension 'ignore_ament_install'
[0.377s] Level 1:colcon.colcon_core.package_identification:_identify(arduino_a_front) by extensions ['colcon_pkg']
[0.377s] Level 1:colcon.colcon_core.package_identification:_identify(arduino_a_front) by extension 'colcon_pkg'
[0.377s] Level 1:colcon.colcon_core.package_identification:_identify(arduino_a_front) by extensions ['colcon_meta']
[0.377s] Level 1:colcon.colcon_core.package_identification:_identify(arduino_a_front) by extension 'colcon_meta'
[0.377s] Level 1:colcon.colcon_core.package_identification:_identify(arduino_a_front) by extensions ['ros']
[0.377s] Level 1:colcon.colcon_core.package_identification:_identify(arduino_a_front) by extension 'ros'
[0.377s] Level 1:colcon.colcon_core.package_identification:_identify(arduino_a_front) by extensions ['cmake', 'python']
[0.377s] Level 1:colcon.colcon_core.package_identification:_identify(arduino_a_front) by extension 'cmake'
[0.377s] Level 1:colcon.colcon_core.package_identification:_identify(arduino_a_front) by extension 'python'
[0.377s] Level 1:colcon.colcon_core.package_identification:_identify(arduino_a_front) by extensions ['python_setup_py']
[0.377s] Level 1:colcon.colcon_core.package_identification:_identify(arduino_a_front) by extension 'python_setup_py'
[0.377s] Level 1:colcon.colcon_core.package_identification:_identify(arduino_b_rear) by extensions ['ignore', 'ignore_ament_install']
[0.377s] Level 1:colcon.colcon_core.package_identification:_identify(arduino_b_rear) by extension 'ignore'
[0.377s] Level 1:colcon.colcon_core.package_identification:_identify(arduino_b_rear) by extension 'ignore_ament_install'
[0.377s] Level 1:colcon.colcon_core.package_identification:_identify(arduino_b_rear) by extensions ['colcon_pkg']
[0.377s] Level 1:colcon.colcon_core.package_identification:_identify(arduino_b_rear) by extension 'colcon_pkg'
[0.377s] Level 1:colcon.colcon_core.package_identification:_identify(arduino_b_rear) by extensions ['colcon_meta']
[0.377s] Level 1:colcon.colcon_core.package_identification:_identify(arduino_b_rear) by extension 'colcon_meta'
[0.377s] Level 1:colcon.colcon_core.package_identification:_identify(arduino_b_rear) by extensions ['ros']
[0.377s] Level 1:colcon.colcon_core.package_identification:_identify(arduino_b_rear) by extension 'ros'
[0.378s] Level 1:colcon.colcon_core.package_identification:_identify(arduino_b_rear) by extensions ['cmake', 'python']
[0.378s] Level 1:colcon.colcon_core.package_identification:_identify(arduino_b_rear) by extension 'cmake'
[0.378s] Level 1:colcon.colcon_core.package_identification:_identify(arduino_b_rear) by extension 'python'
[0.378s] Level 1:colcon.colcon_core.package_identification:_identify(arduino_b_rear) by extensions ['python_setup_py']
[0.378s] Level 1:colcon.colcon_core.package_identification:_identify(arduino_b_rear) by extension 'python_setup_py'
[0.378s] Level 1:colcon.colcon_core.package_identification:_identify(build) by extensions ['ignore', 'ignore_ament_install']
[0.378s] Level 1:colcon.colcon_core.package_identification:_identify(build) by extension 'ignore'
[0.378s] Level 1:colcon.colcon_core.package_identification:_identify(build) ignored
[0.378s] Level 1:colcon.colcon_core.package_identification:_identify(dev_ws) by extensions ['ignore', 'ignore_ament_install']
[0.378s] Level 1:colcon.colcon_core.package_identification:_identify(dev_ws) by extension 'ignore'
[0.378s] Level 1:colcon.colcon_core.package_identification:_identify(dev_ws) by extension 'ignore_ament_install'
[0.378s] Level 1:colcon.colcon_core.package_identification:_identify(dev_ws) by extensions ['colcon_pkg']
[0.378s] Level 1:colcon.colcon_core.package_identification:_identify(dev_ws) by extension 'colcon_pkg'
[0.378s] Level 1:colcon.colcon_core.package_identification:_identify(dev_ws) by extensions ['colcon_meta']
[0.378s] Level 1:colcon.colcon_core.package_identification:_identify(dev_ws) by extension 'colcon_meta'
[0.378s] Level 1:colcon.colcon_core.package_identification:_identify(dev_ws) by extensions ['ros']
[0.378s] Level 1:colcon.colcon_core.package_identification:_identify(dev_ws) by extension 'ros'
[0.378s] Level 1:colcon.colcon_core.package_identification:_identify(dev_ws) by extensions ['cmake', 'python']
[0.378s] Level 1:colcon.colcon_core.package_identification:_identify(dev_ws) by extension 'cmake'
[0.378s] Level 1:colcon.colcon_core.package_identification:_identify(dev_ws) by extension 'python'
[0.378s] Level 1:colcon.colcon_core.package_identification:_identify(dev_ws) by extensions ['python_setup_py']
[0.378s] Level 1:colcon.colcon_core.package_identification:_identify(dev_ws) by extension 'python_setup_py'
[0.379s] Level 1:colcon.colcon_core.package_identification:_identify(dev_ws/src) by extensions ['ignore', 'ignore_ament_install']
[0.379s] Level 1:colcon.colcon_core.package_identification:_identify(dev_ws/src) by extension 'ignore'
[0.379s] Level 1:colcon.colcon_core.package_identification:_identify(dev_ws/src) by extension 'ignore_ament_install'
[0.379s] Level 1:colcon.colcon_core.package_identification:_identify(dev_ws/src) by extensions ['colcon_pkg']
[0.379s] Level 1:colcon.colcon_core.package_identification:_identify(dev_ws/src) by extension 'colcon_pkg'
[0.379s] Level 1:colcon.colcon_core.package_identification:_identify(dev_ws/src) by extensions ['colcon_meta']
[0.379s] Level 1:colcon.colcon_core.package_identification:_identify(dev_ws/src) by extension 'colcon_meta'
[0.379s] Level 1:colcon.colcon_core.package_identification:_identify(dev_ws/src) by extensions ['ros']
[0.379s] Level 1:colcon.colcon_core.package_identification:_identify(dev_ws/src) by extension 'ros'
[0.379s] Level 1:colcon.colcon_core.package_identification:_identify(dev_ws/src) by extensions ['cmake', 'python']
[0.379s] Level 1:colcon.colcon_core.package_identification:_identify(dev_ws/src) by extension 'cmake'
[0.379s] Level 1:colcon.colcon_core.package_identification:_identify(dev_ws/src) by extension 'python'
[0.379s] Level 1:colcon.colcon_core.package_identification:_identify(dev_ws/src) by extensions ['python_setup_py']
[0.379s] Level 1:colcon.colcon_core.package_identification:_identify(dev_ws/src) by extension 'python_setup_py'
[0.379s] Level 1:colcon.colcon_core.package_identification:_identify(install) by extensions ['ignore', 'ignore_ament_install']
[0.379s] Level 1:colcon.colcon_core.package_identification:_identify(install) by extension 'ignore'
[0.379s] Level 1:colcon.colcon_core.package_identification:_identify(install) ignored
[0.379s] Level 1:colcon.colcon_core.package_identification:_identify(log) by extensions ['ignore', 'ignore_ament_install']
[0.379s] Level 1:colcon.colcon_core.package_identification:_identify(log) by extension 'ignore'
[0.379s] Level 1:colcon.colcon_core.package_identification:_identify(log) ignored
[0.380s] Level 1:colcon.colcon_core.package_identification:_identify(my_package) by extensions ['ignore', 'ignore_ament_install']
[0.380s] Level 1:colcon.colcon_core.package_identification:_identify(my_package) by extension 'ignore'
[0.380s] Level 1:colcon.colcon_core.package_identification:_identify(my_package) by extension 'ignore_ament_install'
[0.380s] Level 1:colcon.colcon_core.package_identification:_identify(my_package) by extensions ['colcon_pkg']
[0.380s] Level 1:colcon.colcon_core.package_identification:_identify(my_package) by extension 'colcon_pkg'
[0.380s] Level 1:colcon.colcon_core.package_identification:_identify(my_package) by extensions ['colcon_meta']
[0.380s] Level 1:colcon.colcon_core.package_identification:_identify(my_package) by extension 'colcon_meta'
[0.380s] Level 1:colcon.colcon_core.package_identification:_identify(my_package) by extensions ['ros']
[0.380s] Level 1:colcon.colcon_core.package_identification:_identify(my_package) by extension 'ros'
[0.385s] DEBUG:colcon.colcon_core.package_identification:Package 'my_package' with type 'ros.ament_cmake' and name 'my_package'
[0.385s] Level 1:colcon.colcon_core.package_discovery:discover_packages(recursive) using defaults
[0.385s] Level 1:colcon.colcon_core.package_discovery:discover_packages(ignore) discover
[0.385s] Level 1:colcon.colcon_core.package_discovery:discover_packages(ignore) using defaults
[0.385s] Level 1:colcon.colcon_core.package_discovery:discover_packages(path) discover
[0.385s] Level 1:colcon.colcon_core.package_discovery:discover_packages(path) using defaults
[0.406s] Level 5:colcon.colcon_core.verb:set package 'my_package' build argument 'cmake_args' from command line to 'None'
[0.407s] Level 5:colcon.colcon_core.verb:set package 'my_package' build argument 'cmake_target' from command line to 'None'
[0.407s] Level 5:colcon.colcon_core.verb:set package 'my_package' build argument 'cmake_target_skip_unavailable' from command line to 'False'
[0.407s] Level 5:colcon.colcon_core.verb:set package 'my_package' build argument 'cmake_clean_cache' from command line to 'False'
[0.407s] Level 5:colcon.colcon_core.verb:set package 'my_package' build argument 'cmake_clean_first' from command line to 'False'
[0.407s] Level 5:colcon.colcon_core.verb:set package 'my_package' build argument 'cmake_force_configure' from command line to 'False'
[0.407s] Level 5:colcon.colcon_core.verb:set package 'my_package' build argument 'ament_cmake_args' from command line to 'None'
[0.407s] Level 5:colcon.colcon_core.verb:set package 'my_package' build argument 'catkin_cmake_args' from command line to 'None'
[0.407s] Level 5:colcon.colcon_core.verb:set package 'my_package' build argument 'catkin_skip_building_tests' from command line to 'False'
[0.407s] DEBUG:colcon.colcon_core.verb:Building package 'my_package' with the following arguments: {'ament_cmake_args': None, 'build_base': '/root/ros2_ws/robot_motor_control/build/my_package', 'catkin_cmake_args': None, 'catkin_skip_building_tests': False, 'cmake_args': None, 'cmake_clean_cache': False, 'cmake_clean_first': False, 'cmake_force_configure': False, 'cmake_target': None, 'cmake_target_skip_unavailable': False, 'install_base': '/root/ros2_ws/robot_motor_control/install/my_package', 'merge_install': False, 'path': '/root/ros2_ws/robot_motor_control/my_package', 'symlink_install': True, 'test_result_base': None}
[0.407s] INFO:colcon.colcon_core.executor:Executing jobs using 'parallel' executor
[0.411s] DEBUG:colcon.colcon_parallel_executor.executor.parallel:run_until_complete
[0.411s] INFO:colcon.colcon_ros.task.ament_cmake.build:Building ROS package in '/root/ros2_ws/robot_motor_control/my_package' with build type 'ament_cmake'
[0.412s] INFO:colcon.colcon_cmake.task.cmake.build:Building CMake package in '/root/ros2_ws/robot_motor_control/my_package'
[0.416s] INFO:colcon.colcon_core.plugin_system:Skipping extension 'colcon_core.shell.bat': Not used on non-Windows systems
[0.417s] INFO:colcon.colcon_core.shell:Skip shell extension 'powershell' for command environment: Not usable outside of PowerShell
[0.417s] DEBUG:colcon.colcon_core.shell:Skip shell extension 'dsv' for command environment
[0.432s] DEBUG:colcon.colcon_core.event_handler.log_command:Invoking command in '/root/ros2_ws/robot_motor_control/build/my_package': CMAKE_PREFIX_PATH=${CMAKE_PREFIX_PATH}:/opt/ros/foxy /usr/bin/cmake /root/ros2_ws/robot_motor_control/my_package -DAMENT_CMAKE_SYMLINK_INSTALL=1 -DCMAKE_INSTALL_PREFIX=/root/ros2_ws/robot_motor_control/install/my_package
[2.230s] DEBUG:colcon.colcon_core.event_handler.log_command:Invoked command in '/root/ros2_ws/robot_motor_control/build/my_package' returned '0': CMAKE_PREFIX_PATH=${CMAKE_PREFIX_PATH}:/opt/ros/foxy /usr/bin/cmake /root/ros2_ws/robot_motor_control/my_package -DAMENT_CMAKE_SYMLINK_INSTALL=1 -DCMAKE_INSTALL_PREFIX=/root/ros2_ws/robot_motor_control/install/my_package
[2.233s] DEBUG:colcon.colcon_core.event_handler.log_command:Invoking command in '/root/ros2_ws/robot_motor_control/build/my_package': CMAKE_PREFIX_PATH=${CMAKE_PREFIX_PATH}:/opt/ros/foxy /usr/bin/cmake --build /root/ros2_ws/robot_motor_control/build/my_package -- -j4 -l4
[2.275s] DEBUG:colcon.colcon_core.event_handler.log_command:Invoked command in '/root/ros2_ws/robot_motor_control/build/my_package' returned '0': CMAKE_PREFIX_PATH=${CMAKE_PREFIX_PATH}:/opt/ros/foxy /usr/bin/cmake --build /root/ros2_ws/robot_motor_control/build/my_package -- -j4 -l4
[2.307s] DEBUG:colcon.colcon_core.event_handler.log_command:Invoking command in '/root/ros2_ws/robot_motor_control/build/my_package': CMAKE_PREFIX_PATH=${CMAKE_PREFIX_PATH}:/opt/ros/foxy /usr/bin/cmake --install /root/ros2_ws/robot_motor_control/build/my_package
[2.466s] Level 1:colcon.colcon_core.environment:create_environment_scripts_only(my_package)
[2.467s] DEBUG:colcon.colcon_core.event_handler.log_command:Invoked command in '/root/ros2_ws/robot_motor_control/build/my_package' returned '0': CMAKE_PREFIX_PATH=${CMAKE_PREFIX_PATH}:/opt/ros/foxy /usr/bin/cmake --install /root/ros2_ws/robot_motor_control/build/my_package
[2.477s] Level 1:colcon.colcon_core.environment:checking '/root/ros2_ws/robot_motor_control/install/my_package' for CMake module files
[2.478s] Level 1:colcon.colcon_core.environment:checking '/root/ros2_ws/robot_motor_control/install/my_package' for CMake config files
[2.478s] Level 1:colcon.colcon_core.shell:create_environment_hook('my_package', 'cmake_prefix_path')
[2.480s] INFO:colcon.colcon_core.shell:Creating environment hook '/root/ros2_ws/robot_motor_control/install/my_package/share/my_package/hook/cmake_prefix_path.ps1'
[2.481s] INFO:colcon.colcon_core.shell:Creating environment descriptor '/root/ros2_ws/robot_motor_control/install/my_package/share/my_package/hook/cmake_prefix_path.dsv'
[2.481s] INFO:colcon.colcon_core.shell:Creating environment hook '/root/ros2_ws/robot_motor_control/install/my_package/share/my_package/hook/cmake_prefix_path.sh'
[2.483s] Level 1:colcon.colcon_core.environment:checking '/root/ros2_ws/robot_motor_control/install/my_package/bin'
[2.483s] Level 1:colcon.colcon_core.environment:checking '/root/ros2_ws/robot_motor_control/install/my_package/lib/pkgconfig/my_package.pc'
[2.485s] Level 1:colcon.colcon_core.environment:checking '/root/ros2_ws/robot_motor_control/install/my_package/lib/python3.8/site-packages'
[2.485s] Level 1:colcon.colcon_core.environment:checking '/root/ros2_ws/robot_motor_control/install/my_package/bin'
[2.486s] INFO:colcon.colcon_core.shell:Creating package script '/root/ros2_ws/robot_motor_control/install/my_package/share/my_package/package.ps1'
[2.487s] INFO:colcon.colcon_core.shell:Creating package descriptor '/root/ros2_ws/robot_motor_control/install/my_package/share/my_package/package.dsv'
[2.488s] INFO:colcon.colcon_core.shell:Creating package script '/root/ros2_ws/robot_motor_control/install/my_package/share/my_package/package.sh'
[2.489s] INFO:colcon.colcon_core.shell:Creating package script '/root/ros2_ws/robot_motor_control/install/my_package/share/my_package/package.bash'
[2.490s] INFO:colcon.colcon_core.shell:Creating package script '/root/ros2_ws/robot_motor_control/install/my_package/share/my_package/package.zsh'
[2.491s] Level 1:colcon.colcon_core.environment:create_file_with_runtime_dependencies(/root/ros2_ws/robot_motor_control/install/my_package/share/colcon-core/packages/my_package)
[2.512s] Level 1:colcon.colcon_core.environment:create_environment_scripts_only(my_package)
[2.514s] Level 1:colcon.colcon_core.environment:checking '/root/ros2_ws/robot_motor_control/install/my_package' for CMake module files
[2.514s] Level 1:colcon.colcon_core.environment:checking '/root/ros2_ws/robot_motor_control/install/my_package' for CMake config files
[2.515s] Level 1:colcon.colcon_core.shell:create_environment_hook('my_package', 'cmake_prefix_path')
[2.516s] INFO:colcon.colcon_core.shell:Creating environment hook '/root/ros2_ws/robot_motor_control/install/my_package/share/my_package/hook/cmake_prefix_path.ps1'
[2.517s] INFO:colcon.colcon_core.shell:Creating environment descriptor '/root/ros2_ws/robot_motor_control/install/my_package/share/my_package/hook/cmake_prefix_path.dsv'
[2.517s] INFO:colcon.colcon_core.shell:Creating environment hook '/root/ros2_ws/robot_motor_control/install/my_package/share/my_package/hook/cmake_prefix_path.sh'
[2.518s] Level 1:colcon.colcon_core.environment:checking '/root/ros2_ws/robot_motor_control/install/my_package/bin'
[2.518s] Level 1:colcon.colcon_core.environment:checking '/root/ros2_ws/robot_motor_control/install/my_package/lib/pkgconfig/my_package.pc'
[2.518s] Level 1:colcon.colcon_core.environment:checking '/root/ros2_ws/robot_motor_control/install/my_package/lib/python3.8/site-packages'
[2.519s] Level 1:colcon.colcon_core.environment:checking '/root/ros2_ws/robot_motor_control/install/my_package/bin'
[2.520s] INFO:colcon.colcon_core.shell:Creating package script '/root/ros2_ws/robot_motor_control/install/my_package/share/my_package/package.ps1'
[2.520s] INFO:colcon.colcon_core.shell:Creating package descriptor '/root/ros2_ws/robot_motor_control/install/my_package/share/my_package/package.dsv'
[2.521s] INFO:colcon.colcon_core.shell:Creating package script '/root/ros2_ws/robot_motor_control/install/my_package/share/my_package/package.sh'
[2.521s] INFO:colcon.colcon_core.shell:Creating package script '/root/ros2_ws/robot_motor_control/install/my_package/share/my_package/package.bash'
[2.522s] INFO:colcon.colcon_core.shell:Creating package script '/root/ros2_ws/robot_motor_control/install/my_package/share/my_package/package.zsh'
[2.522s] Level 1:colcon.colcon_core.environment:create_file_with_runtime_dependencies(/root/ros2_ws/robot_motor_control/install/my_package/share/colcon-core/packages/my_package)
[2.522s] DEBUG:colcon.colcon_parallel_executor.executor.parallel:closing loop
[2.523s] DEBUG:colcon.colcon_parallel_executor.executor.parallel:loop closed
[2.523s] DEBUG:colcon.colcon_parallel_executor.executor.parallel:run_until_complete finished with '0'
[2.523s] DEBUG:colcon.colcon_core.event_reactor:joining thread
[2.529s] INFO:colcon.colcon_core.plugin_system:Skipping extension 'colcon_notification.desktop_notification.notify_send': Could not find 'notify-send'
[2.529s] INFO:colcon.colcon_core.plugin_system:Skipping extension 'colcon_notification.desktop_notification.terminal_notifier': Not used on non-Darwin systems
[2.529s] INFO:colcon.colcon_core.plugin_system:Skipping extension 'colcon_notification.desktop_notification.win32': Not used on non-Windows systems
[2.529s] INFO:colcon.colcon_notification.desktop_notification:Sending desktop notification using 'notify2'
[2.530s] DEBUG:colcon.colcon_notification.desktop_notification.notify2:Failed to initialize notify2: org.freedesktop.DBus.Error.Spawn.ExecFailed: /usr/bin/dbus-launch terminated abnormally without any error message
[2.530s] DEBUG:colcon.colcon_core.event_reactor:joined thread
[2.532s] INFO:colcon.colcon_core.shell:Creating prefix script '/root/ros2_ws/robot_motor_control/install/local_setup.ps1'
[2.533s] INFO:colcon.colcon_core.shell:Creating prefix util module '/root/ros2_ws/robot_motor_control/install/_local_setup_util_ps1.py'
[2.535s] INFO:colcon.colcon_core.shell:Creating prefix chain script '/root/ros2_ws/robot_motor_control/install/setup.ps1'
[2.536s] INFO:colcon.colcon_core.shell:Creating prefix script '/root/ros2_ws/robot_motor_control/install/local_setup.sh'
[2.537s] INFO:colcon.colcon_core.shell:Creating prefix util module '/root/ros2_ws/robot_motor_control/install/_local_setup_util_sh.py'
[2.537s] INFO:colcon.colcon_core.shell:Creating prefix chain script '/root/ros2_ws/robot_motor_control/install/setup.sh'
[2.538s] INFO:colcon.colcon_core.shell:Creating prefix script '/root/ros2_ws/robot_motor_control/install/local_setup.bash'
[2.539s] INFO:colcon.colcon_core.shell:Creating prefix chain script '/root/ros2_ws/robot_motor_control/install/setup.bash'
[2.540s] INFO:colcon.colcon_core.shell:Creating prefix script '/root/ros2_ws/robot_motor_control/install/local_setup.zsh'
[2.540s] INFO:colcon.colcon_core.shell:Creating prefix chain script '/root/ros2_ws/robot_motor_control/install/setup.zsh'
