[0.021s] Invoking command in '/root/ros2_ws/robot_motor_control/build/my_package': CMAKE_PREFIX_PATH=${CMAKE_PREFIX_PATH}:/opt/ros/foxy /usr/bin/cmake /root/ros2_ws/robot_motor_control/my_package -DAMENT_CMAKE_SYMLINK_INSTALL=1 -DCMAKE_INSTALL_PREFIX=/root/ros2_ws/robot_motor_control/install/my_package
[0.725s] -- The C compiler identification is GNU 9.4.0
[1.075s] -- The CXX compiler identification is GNU 9.4.0
[1.089s] -- Check for working C compiler: /usr/bin/cc
[1.183s] -- Check for working C compiler: /usr/bin/cc -- works
[1.186s] -- Detecting C compiler ABI info
[1.260s] -- Detecting C compiler ABI info - done
[1.275s] -- Detecting C compile features
[1.276s] -- Detecting C compile features - done
[1.281s] -- Check for working CXX compiler: /usr/bin/c++
[1.361s] -- Check for working CXX compiler: /usr/bin/c++ -- works
[1.362s] -- Detecting CXX compiler ABI info
[1.447s] -- Detecting CXX compiler ABI info - done
[1.462s] -- Detecting CXX compile features
[1.462s] -- Detecting CXX compile features - done
[1.472s] -- Found ament_cmake: 0.9.12 (/opt/ros/foxy/share/ament_cmake/cmake)
[1.504s] -- Found PythonInterp: /usr/bin/python3 (found suitable version "3.8.10", minimum required is "3") 
[1.505s] -- Using PYTHON_EXECUTABLE: /usr/bin/python3
[1.668s] -- Override CMake install command with custom implementation using symlinks instead of copying resources
[1.707s] -- Found ament_lint_auto: 0.9.8 (/opt/ros/foxy/share/ament_lint_auto/cmake)
[1.804s] -- Added test 'copyright' to check source files copyright and LICENSE
[1.807s] -- Added test 'lint_cmake' to check CMake code style
[1.808s] -- Added test 'xmllint' to check XML markup files
[1.812s] -- Configuring done
[1.814s] -- Generating done
[1.815s] -- Build files have been written to: /root/ros2_ws/robot_motor_control/build/my_package
[1.818s] Invoked command in '/root/ros2_ws/robot_motor_control/build/my_package' returned '0': CMAKE_PREFIX_PATH=${CMAKE_PREFIX_PATH}:/opt/ros/foxy /usr/bin/cmake /root/ros2_ws/robot_motor_control/my_package -DAMENT_CMAKE_SYMLINK_INSTALL=1 -DCMAKE_INSTALL_PREFIX=/root/ros2_ws/robot_motor_control/install/my_package
[1.820s] Invoking command in '/root/ros2_ws/robot_motor_control/build/my_package': CMAKE_PREFIX_PATH=${CMAKE_PREFIX_PATH}:/opt/ros/foxy /usr/bin/cmake --build /root/ros2_ws/robot_motor_control/build/my_package -- -j4 -l4
[1.864s] Invoked command in '/root/ros2_ws/robot_motor_control/build/my_package' returned '0': CMAKE_PREFIX_PATH=${CMAKE_PREFIX_PATH}:/opt/ros/foxy /usr/bin/cmake --build /root/ros2_ws/robot_motor_control/build/my_package -- -j4 -l4
[1.896s] Invoking command in '/root/ros2_ws/robot_motor_control/build/my_package': CMAKE_PREFIX_PATH=${CMAKE_PREFIX_PATH}:/opt/ros/foxy /usr/bin/cmake --install /root/ros2_ws/robot_motor_control/build/my_package
[1.905s] -- Install configuration: ""
[1.906s] -- Execute custom install script
[1.906s] -- Symlinking: /root/ros2_ws/robot_motor_control/install/my_package/share/ament_index/resource_index/package_run_dependencies/my_package
[1.916s] -- Symlinking: /root/ros2_ws/robot_motor_control/install/my_package/share/ament_index/resource_index/parent_prefix_path/my_package
[1.926s] -- Symlinking: /root/ros2_ws/robot_motor_control/install/my_package/share/my_package/environment/ament_prefix_path.sh
[1.936s] -- Symlinking: /root/ros2_ws/robot_motor_control/install/my_package/share/my_package/environment/ament_prefix_path.dsv
[1.946s] -- Symlinking: /root/ros2_ws/robot_motor_control/install/my_package/share/my_package/environment/path.sh
[1.955s] -- Symlinking: /root/ros2_ws/robot_motor_control/install/my_package/share/my_package/environment/path.dsv
[1.965s] -- Symlinking: /root/ros2_ws/robot_motor_control/install/my_package/share/my_package/local_setup.bash
[1.975s] -- Symlinking: /root/ros2_ws/robot_motor_control/install/my_package/share/my_package/local_setup.sh
[1.985s] -- Symlinking: /root/ros2_ws/robot_motor_control/install/my_package/share/my_package/local_setup.zsh
[1.995s] -- Symlinking: /root/ros2_ws/robot_motor_control/install/my_package/share/my_package/local_setup.dsv
[2.005s] -- Symlinking: /root/ros2_ws/robot_motor_control/install/my_package/share/my_package/package.dsv
[2.014s] -- Symlinking: /root/ros2_ws/robot_motor_control/install/my_package/share/ament_index/resource_index/packages/my_package
[2.024s] -- Symlinking: /root/ros2_ws/robot_motor_control/install/my_package/share/my_package/cmake/my_packageConfig.cmake
[2.034s] -- Symlinking: /root/ros2_ws/robot_motor_control/install/my_package/share/my_package/cmake/my_packageConfig-version.cmake
[2.044s] -- Symlinking: /root/ros2_ws/robot_motor_control/install/my_package/share/my_package/package.xml
[2.055s] Invoked command in '/root/ros2_ws/robot_motor_control/build/my_package' returned '0': CMAKE_PREFIX_PATH=${CMAKE_PREFIX_PATH}:/opt/ros/foxy /usr/bin/cmake --install /root/ros2_ws/robot_motor_control/build/my_package
